arbadacarba
ffffff43221
dsfsdsa
ffffds
6uhdhh6557766
